main.c:309:6:square_fill	16	static
main.c:321:5:find_max	24	static
main.c:332:6:HAL_GPIO_EXTI_Callback	40	static
main.c:438:6:freq_change	16	static
main.c:478:5:main	16	static
main.c:543:6:SystemClock_Config	128	static
main.c:590:13:MX_ADC1_Init	48	static
main.c:653:13:MX_DAC_Init	24	static
main.c:691:13:MX_SPI1_Init	8	static
main.c:731:13:MX_TIM6_Init	24	static
main.c:769:13:MX_USB_PCD_Init	8	static
main.c:798:13:MX_DMA_Init	16	static
main.c:816:13:MX_GPIO_Init	48	static
main.c:903:6:Error_Handler	4	static,ignoring_inline_asm
